********************************************************************************
   General Structure Analysis System-II Crystal Structure Refinement
              by Robert B. Von Dreele & Brian H. Toby
                Argonne National Laboratory(C), 2010
 This product includes software developed by the UChicago Argonne, LLC,
            as Operator of Argonne National Laboratory.
                          Please cite:
   B.H. Toby & R.B. Von Dreele, J. Appl. Cryst. 46, 544-549 (2013)
********************************************************************************
 Least squares controls:
 Refinement type: analytic Hessian
 Maximum number of cycles: 10
 Regularize hydrogens (if any): False
 Initial shift factor: 1.000

 Phases:

 Phase name: Al2 O3
=======================================================================================================================================

 X-ray scattering factors:
   Symbol     fa                                      fb                                      fc
---------------------------------------------------------------------------------------------------
 O-2        3.76936   2.53342   1.91579   1.55094  15.07970   6.30430  40.34450   0.31291   0.22789
 Al+3       4.17448   3.38760   1.20296   0.52814   1.93816   4.14553   0.22875   8.28524   0.70679

 Electron scattering factors:
   Symbol     fa                                                fb
---------------------------------------------------------------------------------------------------

 Neutron scattering factors:
   Symbol   isotope       mass       b       resonant terms
---------------------------------------------------------------------------------------------------
 O-2     Nat. Abund.     15.999    0.581
 Al+3    Nat. Abund.     26.982    0.345

 Space Group: R -3 c
 The lattice is centrosymmetric R-centered trigonal
 The Laue symmetry is 3m1
 The lattice point group is -3m
 Multiplicity of a general site is 36
 The inversion center is located at 0,0,0
 
 The equivalent positions are:

 (0,0,0; 2/3,1/3,1/3; 1/3,2/3,2/3)+

 ( 1)     X,     Y,     Z 
 ( 2)    -Y,   X-Y,     Z 
 ( 3)   Y-X,    -X,     Z 
 ( 4)   Y-X,     Y, 1/2+Z 
 ( 5)    -Y,    -X, 1/2+Z 
 ( 6)     X,   X-Y, 1/2+Z 

 Atoms:
   name    type  refine?   x         y         z      frac site sym  mult I/A   Uiso     U11     U22     U33     U12     U13     U23
---------------------------------------------------------------------------------------------------------------------------------------
     O1    O-2     XU   0.69166   0.00000   0.25000   1.000 2(100)   18    I 0.05250                                                
    Al1   Al+3     XU   0.00000   0.00000   0.35216   1.000      3   12    I 0.04947                                                

 Unit cell: a = 4.76202 b = 4.76202 c = 12.99882 alpha = 90.000 beta = 90.000 gamma = 120.000 volume = 255.280 Refine? True

 Phase name: Si
=======================================================================================================================================

 X-ray scattering factors:
   Symbol     fa                                      fb                                      fc
---------------------------------------------------------------------------------------------------
 Si         6.29150   3.03530   1.98910   1.54100   2.43860  32.33370   0.67850  81.69370   1.14070

 Electron scattering factors:
   Symbol     fa                                                fb
---------------------------------------------------------------------------------------------------
 Si         0.05670   0.33650   0.81040   2.49600   2.11860   0.05820   0.61550   3.25220  16.79290  57.67670

 Neutron scattering factors:
   Symbol   isotope       mass       b       resonant terms
---------------------------------------------------------------------------------------------------
 Si      Nat. Abund.     28.086    0.415

 Space Group: F d -3 m
 The lattice is centrosymmetric F-centered cubic
 The Laue symmetry is m3m
 The lattice point group is m3m
 Multiplicity of a general site is 192
 The inversion center is located at 0,0,0
 
 The equivalent positions are:

 (0,0,0; 0,1/2,1/2; 1/2,0,1/2; 1/2,1/2,0)+

 ( 1)     X,     Y,     Z 
 ( 2)     Z,     X,     Y 
 ( 3)     Y,     Z,     X 
 ( 4) 1/4+X, 1/4+Y,    -Z 
 ( 5)    -Z, 1/4+X, 1/4+Y 
 ( 6) 1/4+Y,    -Z, 1/4+X 
 ( 7) 1/4-Z, 1/2+X, 3/4-Y 
 ( 8) 3/4-Y, 1/4-Z, 1/2+X 
 ( 9) 1/2+Y, 1/4-Z, 3/4-X 
 (10) 3/4-X, 1/2+Y, 1/4-Z 
 (11) 1/4-Z, 3/4-X, 1/2+Y 
 (12) 1/2+X, 3/4-Y, 1/4-Z 
 (13)     Y,     X,     Z 
 (14)     Z,     Y,     X 
 (15)     X,     Z,     Y 
 (16) 1/4+Y, 1/4+X,    -Z 
 (17)    -Z, 1/4+Y, 1/4+X 
 (18) 1/4+X,    -Z, 1/4+Y 
 (19) 1/4-Z, 1/2+Y, 3/4-X 
 (20) 3/4-X, 1/4-Z, 1/2+Y 
 (21) 1/2+X, 1/4-Z, 3/4-Y 
 (22) 3/4-Y, 1/2+X, 1/4-Z 
 (23) 1/4-Z, 3/4-Y, 1/2+X 
 (24) 1/2+Y, 3/4-X, 1/4-Z 

 Atoms:
   name    type  refine?   x         y         z      frac site sym  mult I/A   Uiso     U11     U22     U33     U12     U13     U23
---------------------------------------------------------------------------------------------------------------------------------------
     Si     Si      U   0.12500   0.12500   0.12500   1.000   -43m    8    I 0.03517                                                

 Unit cell: a = 5.43224 b = 5.43224 c = 5.43224 alpha = 90.000 beta = 90.000 gamma = 90.000 volume = 160.302 Refine? True

 Phase: Al2 O3 in histogram: PWDR Al2O390_Si10.xy
=======================================================================================================================================
 Phase fraction  :      7.843 Refine? True
 Extinction coeff:     0.0000 Refine? False
 March-Dollase PO:     1.0000 Refine? False Axis: 0 0 1

 Size model    : isotropic equatorial:       1.000 Refine? False
	 LG mixing coeff.:       1.0000 Refine? False

 Mustrain model: isotropic equatorial:      1000.0 Refine? False
	 LG mixing coeff.:      1.0000 Refine? False

 Hydrostatic/elastic strain:
 names :         D11         D33
 values:           0           0
 refine:       False       False
 Layer Displacement:      0.000 Refine? False

 Phase: Si in histogram: PWDR Al2O390_Si10.xy
=======================================================================================================================================
 Phase fraction  :     0.6756 Refine? True
 Extinction coeff:     0.0000 Refine? False
 March-Dollase PO:     1.0000 Refine? False Axis: 0 0 1

 Size model    : isotropic equatorial:       1.000 Refine? False
	 LG mixing coeff.:       1.0000 Refine? False

 Mustrain model: isotropic equatorial:      1000.0 Refine? False
	 LG mixing coeff.:      1.0000 Refine? False

 Hydrostatic/elastic strain:
 names :         D11          eA
 values:           0           0
 refine:       False       False
 Layer Displacement:      0.000 Refine? False

 Histogram: PWDR Al2O390_Si10.xy histogram Id: 0
=======================================================================================================================================
 Instrument type: Bragg-Brentano
 Histogram limits:    10.00 deg to    80.99 deg

 Sample Parameters:
 Goniometer omega = 0.00, chi = 0.00, phi = 0.00
 name  :         Scale         Shift  Transparency    SurfRoughA    SurfRoughB
 value :       22.6790        0.0000        0.0000        0.0000        0.0000
 refine:         False         False         False         False         False

 Instrument Parameters:
 name  :     Azimuth I(L2)/I(L1)        Lam1        Lam2    Polariz.        SH/L           U           V           W
 value :    0.000000    0.500000    1.540500    1.544300    0.700000    0.002000  261.888095   -2.000000  -88.876923
 refine:                   False                               False       False        True       False        True

 name  :           X           Y           Z        Zero
 value :    6.786012   13.091838    0.000000    0.000000
 refine:        True        True       False       False

 Background function: chebyschev-1 Refine? True
 Coefficients:     73.058   -40.495    -4.971
 Fixed background file: ; mult: 1.000  Refine? False

 Refinement results:
---------------------------------------------------------------------------------------------------------------------------------------
 Number of function calls: 6 No. of observations: 5011 No. of parameters: 17 User rejected: 0 Sp. gp. extinct: 0
 Refinement time =    0.831s,    0.831s/cycle, for 1 cycles
 wR =   13.21%, chi**2 =      18443.6, GOF =   1.92
----------------------------------------------------------------------------------------------------------------------------------
Parameters generated by constraints

 name  :          0::A0          1::A0
 value :        0.05880        0.03388
 sig   :        0.00000        0.00000 

 Phases:
 Result for phase: Al2 O3
=======================================================================================================================================
 Reciprocal metric tensor: 
  names :            A11            A22            A33            A12            A13            A23
  values:    0.058797081    0.058797081    0.005918178    0.058797081    0.000000000    0.000000000
  esds  :    0.000002256                   0.000000274                                             
 New unit cell:
  names :           a           b           c       alpha        beta       gamma      Volume
  values:    4.762023    4.762023   12.998881     90.0000     90.0000    120.0000     255.282
  esds  :    0.000152                0.000300                                           0.008

 Atoms:
   name      x         y         z      frac   Uiso     U11     U22     U33     U12     U13     U23
---------------------------------------------------------------------------------------------------------------------------------------
     O1    O-2:
 values:   0.69166   0.00000   0.25000   1.000 0.05242
 sig   :   0.00029                             0.00065 
    Al1   Al+3:
 values:   0.00000   0.00000   0.35216   1.000 0.04940
 sig   :                       0.00009         0.00052 

 Density: 3.9794 g/cm**3
 Result for phase: Si
=======================================================================================================================================
 Reciprocal metric tensor: 
  names :            A11            A22            A33            A12            A13            A23
  values:    0.033882092    0.033882092    0.033882092    0.000000000    0.000000000    0.000000000
  esds  :    0.000004624                                                                           
 New unit cell:
  names :           a           b           c       alpha        beta       gamma      Volume
  values:    5.432690    5.432690    5.432690     90.0000     90.0000     90.0000     160.341
  esds  :    0.000371                                                                   0.033

 Atoms:
   name      x         y         z      frac   Uiso     U11     U22     U33     U12     U13     U23
---------------------------------------------------------------------------------------------------------------------------------------
     Si     Si:
 values:   0.12500   0.12500   0.12500   1.000 0.03542
 sig   :                                       0.00250 

 Density: 2.3269 g/cm**3

 Phase: Al2 O3 in histogram: PWDR Al2O390_Si10.xy
=======================================================================================================================================
 Final refinement RF, RF^2 = 1.69%, 2.04% on 19 reflections
 Durbin-Watson statistic = 0.625
 Bragg intensity sum = 8.86e+05
 Phase fraction  :     7.8419, sig   0.046083 Weight fraction  :  0.96934, sig    0.00070

 Phase: Si in histogram: PWDR Al2O390_Si10.xy
=======================================================================================================================================
 Final refinement RF, RF^2 = 11.39%, 25.46% on 6 reflections
 Durbin-Watson statistic = 0.625
 Bragg intensity sum = 6.14e+04
 Phase fraction  :    0.67535, sig   0.015422 Weight fraction  :  0.03066, sig    0.00070

 Histogram: PWDR Al2O390_Si10.xy histogram Id: 0
=======================================================================================================================================
 PWDR histogram weight factor = 1.000
 Final refinement wR = 13.21% on 5011 observations in this histogram
 Other residuals: R = 8.86%, R-bkg = 8.28%, wR-bkg = 13.21% wRmin = 6.89%
 Instrument type: Bragg-Brentano

 Resonant form factors:(ref: D.T. Cromer & D.A. Liberman (1981), Acta Cryst. A37, 267-268.)
 Element:      O-2     Al+3       Si
 f'     :    0.049    0.213    0.254
 f"     :    0.032    0.246    0.330

 Instrument Parameters:
 names : I(L2)/I(L1)    Polariz.        SH/L           U           V           W           X           Y           Z
 value :    0.500000    0.700000    0.002000  262.534072   -2.000000  -90.694446    6.721920   13.440958    0.000000
 sig   :                                        3.413921                0.578813    0.403374    1.087165            

 Instrument Parameters:
 names :        Zero
 value :    0.000000
 sig   :            

 Background function: chebyschev-1
 value :      73.02    -40.55    -4.925
 sig   :     0.3133    0.4723    0.4469
 Background sums: empirical 3.74e+05, Debye 0, peaks 0, Total 3.74e+05
