********************************************************************************
   General Structure Analysis System-II Crystal Structure Refinement
              by Robert B. Von Dreele & Brian H. Toby
                Argonne National Laboratory(C), 2010
 This product includes software developed by the UChicago Argonne, LLC,
            as Operator of Argonne National Laboratory.
                          Please cite:
   B.H. Toby & R.B. Von Dreele, J. Appl. Cryst. 46, 544-549 (2013)
********************************************************************************
 Least squares controls:
 Refinement type: analytic Hessian
 Maximum number of cycles: 3
 Regularize hydrogens (if any): False
 Initial shift factor: 1.000

 Phases:

 Phase name: Co O
=======================================================================================================================================

 X-ray scattering factors:
   Symbol     fa                                      fb                                      fc
---------------------------------------------------------------------------------------------------
 Co        12.28410   7.34090   4.00340   2.34880   4.27910   0.27840  13.53590  71.16920   1.01180
 O          3.04850   2.28680   1.54630   0.86700  13.27710   5.70110   0.32390  32.90890   0.25080

 Electron scattering factors:
   Symbol     fa                                                fb
---------------------------------------------------------------------------------------------------
 Co         0.21860   0.98610   1.85400   2.32580   1.46850   0.11820   1.23000   5.41770  25.76020  80.85420
 O          0.03650   0.17290   0.58050   0.88140   0.31210   0.06520   0.61840   2.94490   9.62980  28.21940

 Neutron scattering factors:
   Symbol   isotope       mass       b       resonant terms
---------------------------------------------------------------------------------------------------
 Co      Nat. Abund.     58.933    0.249
 O       Nat. Abund.     15.999    0.581

 Space Group: F m -3 m
 The lattice is centrosymmetric F-centered cubic
 The Laue symmetry is m3m
 The lattice point group is m3m
 Multiplicity of a general site is 192
 The inversion center is located at 0,0,0
 
 The equivalent positions are:

 (0,0,0; 0,1/2,1/2; 1/2,0,1/2; 1/2,1/2,0)+

 ( 1)     X,     Y,     Z 
 ( 2)     Z,     X,     Y 
 ( 3)     Y,     Z,     X 
 ( 4)     X,     Y,    -Z 
 ( 5)    -Z,     X,     Y 
 ( 6)     Y,    -Z,     X 
 ( 7)    -Z,     X,    -Y 
 ( 8)    -Y,    -Z,     X 
 ( 9)     Y,    -Z,    -X 
 (10)    -X,     Y,    -Z 
 (11)    -Z,    -X,     Y 
 (12)     X,    -Y,    -Z 
 (13)     Y,     X,     Z 
 (14)     Z,     Y,     X 
 (15)     X,     Z,     Y 
 (16)     Y,     X,    -Z 
 (17)    -Z,     Y,     X 
 (18)     X,    -Z,     Y 
 (19)    -Z,     Y,    -X 
 (20)    -X,    -Z,     Y 
 (21)     X,    -Z,    -Y 
 (22)    -Y,     X,    -Z 
 (23)    -Z,    -Y,     X 
 (24)     Y,    -X,    -Z 

 Atoms:
   name    type  refine?   x         y         z      frac site sym  mult I/A   Uiso     U11     U22     U33     U12     U13     U23
---------------------------------------------------------------------------------------------------------------------------------------
    CO1     Co          0.00000   0.00000   0.00000   1.000    m3m    4    A         0.00000 0.00000 0.00000 0.00000 0.00000 0.00000
     O1      O          0.50000   0.50000   0.50000   1.000    m3m    4    A         0.00000 0.00000 0.00000 0.00000 0.00000 0.00000

 Unit cell: a = 4.26642 b = 4.26642 c = 4.26642 alpha = 90.000 beta = 90.000 gamma = 90.000 volume = 77.659 Refine? True

 Phase name: Co3 O4
=======================================================================================================================================

 X-ray scattering factors:
   Symbol     fa                                      fb                                      fc
---------------------------------------------------------------------------------------------------
 O          3.04850   2.28680   1.54630   0.86700  13.27710   5.70110   0.32390  32.90890   0.25080
 Co        12.28410   7.34090   4.00340   2.34880   4.27910   0.27840  13.53590  71.16920   1.01180

 Electron scattering factors:
   Symbol     fa                                                fb
---------------------------------------------------------------------------------------------------
 O          0.03650   0.17290   0.58050   0.88140   0.31210   0.06520   0.61840   2.94490   9.62980  28.21940
 Co         0.21860   0.98610   1.85400   2.32580   1.46850   0.11820   1.23000   5.41770  25.76020  80.85420

 Neutron scattering factors:
   Symbol   isotope       mass       b       resonant terms
---------------------------------------------------------------------------------------------------
 O       Nat. Abund.     15.999    0.581
 Co      Nat. Abund.     58.933    0.249

 Space Group: F d -3 m
 The lattice is centrosymmetric F-centered cubic
 The Laue symmetry is m3m
 The lattice point group is m3m
 Multiplicity of a general site is 192
 The inversion center is located at 0,0,0
 
 The equivalent positions are:

 (0,0,0; 0,1/2,1/2; 1/2,0,1/2; 1/2,1/2,0)+

 ( 1)     X,     Y,     Z 
 ( 2)     Z,     X,     Y 
 ( 3)     Y,     Z,     X 
 ( 4) 1/4+X, 1/4+Y,    -Z 
 ( 5)    -Z, 1/4+X, 1/4+Y 
 ( 6) 1/4+Y,    -Z, 1/4+X 
 ( 7) 1/4-Z, 1/2+X, 3/4-Y 
 ( 8) 3/4-Y, 1/4-Z, 1/2+X 
 ( 9) 1/2+Y, 1/4-Z, 3/4-X 
 (10) 3/4-X, 1/2+Y, 1/4-Z 
 (11) 1/4-Z, 3/4-X, 1/2+Y 
 (12) 1/2+X, 3/4-Y, 1/4-Z 
 (13)     Y,     X,     Z 
 (14)     Z,     Y,     X 
 (15)     X,     Z,     Y 
 (16) 1/4+Y, 1/4+X,    -Z 
 (17)    -Z, 1/4+Y, 1/4+X 
 (18) 1/4+X,    -Z, 1/4+Y 
 (19) 1/4-Z, 1/2+Y, 3/4-X 
 (20) 3/4-X, 1/4-Z, 1/2+Y 
 (21) 1/2+X, 1/4-Z, 3/4-Y 
 (22) 3/4-Y, 1/2+X, 1/4-Z 
 (23) 1/4-Z, 3/4-Y, 1/2+X 
 (24) 1/2+Y, 3/4-X, 1/4-Z 

 Atoms:
   name    type  refine?   x         y         z      frac site sym  mult I/A   Uiso     U11     U22     U33     U12     U13     U23
---------------------------------------------------------------------------------------------------------------------------------------
     O1      O          0.24450   0.24450   0.24450   1.0003m(111)   32    A         0.00000 0.00000 0.00000 0.00000 0.00000 0.00000
    CO1     Co          0.00000   0.00000   0.00000   1.000-3m(111)   16    A         0.00000 0.00000 0.00000 0.00000 0.00000 0.00000
    CO2     Co          0.37500   0.37500   0.37500   1.000   -43m    8    A         0.00000 0.00000 0.00000 0.00000 0.00000 0.00000

 Unit cell: a = 8.08855 b = 8.08855 c = 8.08855 alpha = 90.000 beta = 90.000 gamma = 90.000 volume = 529.191 Refine? True

 Phase: Co O in histogram: PWDR CoO25C.RAW Bank 1
=======================================================================================================================================
 Phase fraction  :      42.81 Refine? True
 Extinction coeff:     0.0000 Refine? False
 March-Dollase PO:     1.0000 Refine? False Axis: 0 0 1

 Size model    : isotropic equatorial:       1.000 Refine? False
	 LG mixing coeff.:       1.0000 Refine? False

 Mustrain model: isotropic equatorial:      1000.0 Refine? False
	 LG mixing coeff.:      1.0000 Refine? False

 Hydrostatic/elastic strain:
 names :         D11          eA
 values:           0           0
 refine:       False       False
 Layer Displacement:      0.000 Refine? False

 Phase: Co3 O4 in histogram: PWDR CoO25C.RAW Bank 1
=======================================================================================================================================
 Phase fraction  :      9.402 Refine? True
 Extinction coeff:     0.0000 Refine? False
 March-Dollase PO:     1.0000 Refine? False Axis: 0 0 1

 Size model    : isotropic equatorial:       1.000 Refine? False
	 LG mixing coeff.:       1.0000 Refine? False

 Mustrain model: isotropic equatorial:      1000.0 Refine? False
	 LG mixing coeff.:      1.0000 Refine? False

 Hydrostatic/elastic strain:
 names :         D11          eA
 values:           0           0
 refine:       False       False
 Layer Displacement:      0.000 Refine? False

 Histogram: PWDR CoO25C.RAW Bank 1 histogram Id: 0
=======================================================================================================================================
 Instrument type: Bragg-Brentano
 Histogram limits:    16.00 deg to    99.96 deg
 Excluded region:     19.71 deg to    20.50 deg
 Excluded region:     32.52 deg to    33.34 deg
 Excluded region:     38.00 deg to    39.77 deg

 Sample Parameters:
 Goniometer omega = 0.00, chi = 0.00, phi = 0.00
 name  :         Scale         Shift  Transparency    SurfRoughA    SurfRoughB
 value :        1.0000        0.0000        0.0000        0.0000        0.0000
 refine:         False         False         False         False         False

 Instrument Parameters:
 name  :     Azimuth I(L2)/I(L1)        Lam1        Lam2    Polariz.        SH/L           U           V           W
 value :    0.000000    0.500000    1.788920    1.792780    0.500000    0.002000    0.756500    0.000000    3.646000
 refine:                   False                               False       False        True       False       False

 name  :           X           Y           Z        Zero
 value :    0.000000    0.000000    0.000000    0.000000
 refine:       False       False       False       False

 Background function: chebyschev-1 Refine? True
 Coefficients:   1132.332   -46.671   -35.988
 Fixed background file: ; mult: 1.000  Refine? False

 Refinement results:
---------------------------------------------------------------------------------------------------------------------------------------
 Number of function calls: 7 No. of observations: 4740 No. of parameters: 8 User rejected: 0 Sp. gp. extinct: 0
 Refinement time =    0.915s,    0.229s/cycle, for 4 cycles
 wR =    8.80%, chi**2 =      47831.2, GOF =   3.18
----------------------------------------------------------------------------------------------------------------------------------
Parameters generated by constraints

 name  :          0::A0          1::A0
 value :        0.05495        0.01528
 sig   :        0.00000        0.00000 

 Phases:
 Result for phase: Co O
=======================================================================================================================================
 Reciprocal metric tensor: 
  names :            A11            A22            A33            A12            A13            A23
  values:    0.054952873    0.054952873    0.054952873    0.000000000    0.000000000    0.000000000
  esds  :    0.000002706                                                                           
 New unit cell:
  names :           a           b           c       alpha        beta       gamma      Volume
  values:    4.265842    4.265842    4.265842     90.0000     90.0000     90.0000      77.627
  esds  :    0.000105                                                                   0.006

 Atoms:
   name      x         y         z      frac   Uiso     U11     U22     U33     U12     U13     U23
---------------------------------------------------------------------------------------------------------------------------------------
    CO1     Co:
 values:   0.00000   0.00000   0.00000   1.000         0.00000 0.00000 0.00000 0.00000 0.00000 0.00000
 sig   :                                                                                               
     O1      O:
 values:   0.50000   0.50000   0.50000   1.000         0.00000 0.00000 0.00000 0.00000 0.00000 0.00000
 sig   :                                                                                               

 Density: 6.4115 g/cm**3
 Result for phase: Co3 O4
=======================================================================================================================================
 Reciprocal metric tensor: 
  names :            A11            A22            A33            A12            A13            A23
  values:    0.015284826    0.015284826    0.015284826    0.000000000    0.000000000    0.000000000
  esds  :    0.000000698                                                                           
 New unit cell:
  names :           a           b           c       alpha        beta       gamma      Volume
  values:    8.088533    8.088533    8.088533     90.0000     90.0000     90.0000     529.187
  esds  :    0.000185                                                                   0.036

 Atoms:
   name      x         y         z      frac   Uiso     U11     U22     U33     U12     U13     U23
---------------------------------------------------------------------------------------------------------------------------------------
     O1      O:
 values:   0.24450   0.24450   0.24450   1.000         0.00000 0.00000 0.00000 0.00000 0.00000 0.00000
 sig   :                                                                                               
    CO1     Co:
 values:   0.00000   0.00000   0.00000   1.000         0.00000 0.00000 0.00000 0.00000 0.00000 0.00000
 sig   :                                                                                               
    CO2     Co:
 values:   0.37500   0.37500   0.37500   1.000         0.00000 0.00000 0.00000 0.00000 0.00000 0.00000
 sig   :                                                                                               

 Density: 6.0447 g/cm**3

 Phase: Co O in histogram: PWDR CoO25C.RAW Bank 1
=======================================================================================================================================
 Final refinement RF, RF^2 = 7.89%, 16.25% on 5 reflections
 Durbin-Watson statistic = 0.127
 Bragg intensity sum = 3.27e+05
 Phase fraction  :     57.255, sig    0.55621 Weight fraction  :  0.41414, sig    0.00304

 Phase: Co3 O4 in histogram: PWDR CoO25C.RAW Bank 1
=======================================================================================================================================
 Final refinement RF, RF^2 = 18.89%, 23.50% on 15 reflections
 Durbin-Watson statistic = 0.127
 Bragg intensity sum = 4.6e+05
 Phase fraction  :     12.602, sig    0.10578 Weight fraction  :  0.58586, sig    0.00304

 Histogram: PWDR CoO25C.RAW Bank 1 histogram Id: 0
=======================================================================================================================================
 PWDR histogram weight factor = 1.000
 Final refinement wR = 8.80% on 4740 observations in this histogram
 Other residuals: R = 5.05%, R-bkg = 10.66%, wR-bkg = 8.80% wRmin = 2.77%
 Instrument type: Bragg-Brentano

 Resonant form factors:(ref: D.T. Cromer & D.A. Liberman (1981), Acta Cryst. A37, 267-268.)
 Element:       Co        O
 f'     :   -2.023    0.063
 f"     :    0.573    0.044

 Instrument Parameters:
 names : I(L2)/I(L1)    Polariz.        SH/L           U           V           W           X           Y           Z
 value :    0.500000    0.500000    0.002000  185.038415    0.000000    3.646000    0.000000    0.000000    0.000000
 sig   :                                        3.572249                                                            

 Instrument Parameters:
 names :        Zero
 value :    0.000000
 sig   :            

 Background function: chebyschev-1
 value :       1122    -49.68    -26.88
 sig   :      1.809     2.721     2.613
 Background sums: empirical 5.35e+06, Debye 0, peaks 0, Total 5.35e+06
