********************************************************************************
   General Structure Analysis System-II Crystal Structure Refinement
              by Robert B. Von Dreele & Brian H. Toby
                Argonne National Laboratory(C), 2010
 This product includes software developed by the UChicago Argonne, LLC,
            as Operator of Argonne National Laboratory.
                          Please cite:
   B.H. Toby & R.B. Von Dreele, J. Appl. Cryst. 46, 544-549 (2013)
********************************************************************************
 Least squares controls:
 Refinement type: analytic Hessian
 Maximum number of cycles: 10
 Regularize hydrogens (if any): False
 Initial shift factor: 1.000

 Phases:

 Phase name: Al2 O3
=======================================================================================================================================

 X-ray scattering factors:
   Symbol     fa                                      fb                                      fc
---------------------------------------------------------------------------------------------------
 O-2        3.76936   2.53342   1.91579   1.55094  15.07970   6.30430  40.34450   0.31291   0.22789
 Al+3       4.17448   3.38760   1.20296   0.52814   1.93816   4.14553   0.22875   8.28524   0.70679

 Neutron scattering factors:
   Symbol   isotope       mass       b       resonant terms
---------------------------------------------------------------------------------------------------
 O-2     Nat. Abund.     15.999    0.581
 Al+3    Nat. Abund.     26.982    0.345

 Space Group: R -3 c
 The lattice is centrosymmetric R-centered trigonal
 The Laue symmetry is 3m1
 The lattice point group is -3m
 Multiplicity of a general site is 36
 The inversion center is located at 0,0,0
 
 The equivalent positions are:

 (0,0,0; 2/3,1/3,1/3; 1/3,2/3,2/3)+

 ( 1)     X,     Y,     Z 
 ( 2)    -Y,   X-Y,     Z 
 ( 3)   Y-X,    -X,     Z 
 ( 4)   Y-X,     Y, 1/2+Z 
 ( 5)    -Y,    -X, 1/2+Z 
 ( 6)     X,   X-Y, 1/2+Z 

 Atoms:
   name    type  refine?   x         y         z      frac site sym  mult I/A   Uiso     U11     U22     U33     U12     U13     U23
---------------------------------------------------------------------------------------------------------------------------------------
     O1    O-2      U   0.69365   0.00000   0.25000   1.000 2(100)   18    I 0.05597                                                
    Al1   Al+3     XU   0.00000   0.00000   0.35217   1.000      3   12    I 0.05149                                                

 Unit cell: a = 4.76182 b = 4.76182 c = 12.99819 alpha = 90.000 beta = 90.000 gamma = 120.000 volume = 255.247 Refine? True

 Spherical harmonics texture: Order:0

 Phase name: Si
=======================================================================================================================================

 X-ray scattering factors:
   Symbol     fa                                      fb                                      fc
---------------------------------------------------------------------------------------------------
 Si         6.29150   3.03530   1.98910   1.54100   2.43860  32.33370   0.67850  81.69370   1.14070

 Neutron scattering factors:
   Symbol   isotope       mass       b       resonant terms
---------------------------------------------------------------------------------------------------
 Si      Nat. Abund.     28.086    0.415

 Space Group: F d -3 m
 The lattice is centrosymmetric F-centered cubic
 The Laue symmetry is m3m
 The lattice point group is m3m
 Multiplicity of a general site is 192
 The inversion center is located at 0,0,0
 
 The equivalent positions are:

 (0,0,0; 0,1/2,1/2; 1/2,0,1/2; 1/2,1/2,0)+

 ( 1)     X,     Y,     Z 
 ( 2)     Z,     X,     Y 
 ( 3)     Y,     Z,     X 
 ( 4) 1/4+X, 1/4+Y,    -Z 
 ( 5)    -Z, 1/4+X, 1/4+Y 
 ( 6) 1/4+Y,    -Z, 1/4+X 
 ( 7) 1/4-Z, 1/2+X, 3/4-Y 
 ( 8) 3/4-Y, 1/4-Z, 1/2+X 
 ( 9) 1/2+Y, 1/4-Z, 3/4-X 
 (10) 3/4-X, 1/2+Y, 1/4-Z 
 (11) 1/4-Z, 3/4-X, 1/2+Y 
 (12) 1/2+X, 3/4-Y, 1/4-Z 
 (13)     Y,     X,     Z 
 (14)     Z,     Y,     X 
 (15)     X,     Z,     Y 
 (16) 1/4+Y, 1/4+X,    -Z 
 (17)    -Z, 1/4+Y, 1/4+X 
 (18) 1/4+X,    -Z, 1/4+Y 
 (19) 1/4-Z, 1/2+Y, 3/4-X 
 (20) 3/4-X, 1/4-Z, 1/2+Y 
 (21) 1/2+X, 1/4-Z, 3/4-Y 
 (22) 3/4-Y, 1/2+X, 1/4-Z 
 (23) 1/4-Z, 3/4-Y, 1/2+X 
 (24) 1/2+Y, 3/4-X, 1/4-Z 

 Atoms:
   name    type  refine?   x         y         z      frac site sym  mult I/A   Uiso     U11     U22     U33     U12     U13     U23
---------------------------------------------------------------------------------------------------------------------------------------
     Si     Si      U   0.12500   0.12500   0.12500   1.000   -43m    8    I-0.00261                                                

 Unit cell: a = 5.43193 b = 5.43193 c = 5.43193 alpha = 90.000 beta = 90.000 gamma = 90.000 volume = 160.274 Refine? True

 Spherical harmonics texture: Order:0

 Phase: Al2 O3 in histogram: PWDR Al2O390_Si10.xy
=======================================================================================================================================
 Phase fraction  :   127.9068 Refine? True
 Extinction coeff:     0.0000 Refine? False
 March-Dollase PO:     1.0000 Refine? False Axis: 0 0 1

 Size model    : isotropic equatorial:       0.121 Refine? True
	 LG mixing coeff.:       0.9974 Refine? True

 Mustrain model: isotropic equatorial:      1383.6 Refine? True
	 LG mixing coeff.:      2.6484 Refine? True

 Hydrostatic/elastic strain:
 names :         D11         D33
 values:           0           0
 refine:       False       False

 Phase: Si in histogram: PWDR Al2O390_Si10.xy
=======================================================================================================================================
 Phase fraction  :     7.4564 Refine? True
 Extinction coeff:     0.0000 Refine? False
 March-Dollase PO:     1.0000 Refine? False Axis: 0 0 1

 Size model    : isotropic equatorial:       1.412 Refine? True
	 LG mixing coeff.:       1.7804 Refine? True

 Mustrain model: isotropic equatorial:      6666.7 Refine? True
	 LG mixing coeff.:      0.4056 Refine? True

 Hydrostatic/elastic strain:
 names :         D11          eA
 values:           0           0
 refine:       False       False

 Histogram: PWDR Al2O390_Si10.xy histogram Id: 0
=======================================================================================================================================
 Instrument type: Bragg-Brentano
 Histogram limits:    10.00 deg to    80.99 deg

 Sample Parameters:
 Goniometer omega = 0.00, chi = 0.00, phi = 0.00
 name  :         Scale         Shift  Transparency    SurfRoughA    SurfRoughB
 value :        1.0000        0.0000        0.0000        0.0000        0.0000
 refine:         False         False         False         False         False

 Instrument Parameters:
 name  :     Azimuth        Bank I(L2)/I(L1)        Lam1        Lam2    Polariz.        SH/L
 value :    0.000000    1.000000    0.500000    1.540500    1.544300    0.700000    0.011005
 refine:                   False       False                               False        True

 name  :           U           V           W           X           Y           Z        Zero
 value :   30.965825  -95.935828  -52.340045    0.000000    0.000000    0.000000    0.000000
 refine:        True        True        True       False       False       False       False

 Background function: chebyschev Refine? True
 Coefficients:     79.404   -41.351   -12.438

 Refinement results:
---------------------------------------------------------------------------------------------------------------------------------------
 Number of function calls: 4 No. of observations: 5011 No. of parameters: 24 User rejected: 0 Sp. gp. extinct: 0
 Refinement time =    0.772s,    0.772s/cycle, for 1 cycles
 wR =   11.80%, chi**2 =      14708.6, GOF =   1.72
----------------------------------------------------------------------------------------------------------------------------------
Parameters generated by constraints

 name  :          0::A0          1::A0
 value :         0.0588         0.0339
 sig   :         0.0000         0.0000

 Phases:
 Result for phase: Al2 O3
=======================================================================================================================================
 Reciprocal metric tensor: 
  names :            A11            A22            A33            A12            A13            A23
  values:    0.058802050    0.058802050    0.005918798    0.058802050    0.000000000    0.000000000
  esds  :    0.000002230                   0.000000267                                             
 New unit cell:
  names :           a           b           c       alpha        beta       gamma      Volume
  values:    4.761822    4.761822   12.998201     90.0000     90.0000    120.0000     255.247
  esds  :    0.000151    0.000151    0.000294                                           0.010

 Atoms:
   name      x         y         z      frac   Uiso     U11     U22     U33     U12     U13     U23
---------------------------------------------------------------------------------------------------------------------------------------
     O1    O-2:
 values:   0.69365   0.00000   0.25000   1.000 0.05627
 sig   :                                       0.00089
    Al1   Al+3:
 values:   0.00000   0.00000   0.35254   1.000 0.05184
 sig   :                       0.00007         0.00033

 Density: 3.979922.4 g/cm**3
 Result for phase: Si
=======================================================================================================================================
 Reciprocal metric tensor: 
  names :            A11            A22            A33            A12            A13            A23
  values:    0.033890225    0.033890225    0.033890225    0.000000000    0.000000000    0.000000000
  esds  :    0.000001859                                                                           
 New unit cell:
  names :           a           b           c       alpha        beta       gamma      Volume
  values:    5.432038    5.432038    5.432038     90.0000     90.0000     90.0000     160.283
  esds  :    0.000149    0.000149    0.000149                                           0.013

 Atoms:
   name      x         y         z      frac   Uiso     U11     U22     U33     U12     U13     U23
---------------------------------------------------------------------------------------------------------------------------------------
     Si     Si:
 values:   0.12500   0.12500   0.12500   1.000-0.00293
 sig   :                                       0.00266

 Density: 2.327775.4 g/cm**3

 Phase: Al2 O3 in histogram: PWDR Al2O390_Si10.xy
=======================================================================================================================================
 Final refinement RF, RF^2 = 1.82%, 3.48% on 19 reflections
 Durbin-Watson statistic = 0.722
 Bragg intensity sum = 6.21e+05
 Phase fraction  :  128.36112, sig    0.45335 Weight fraction  :  0.97912, sig    0.00346

 Size model:     isotropic equatorial:     0.12168, sig:  0.1284 LG mix coeff.:      0.9907, sig:  1.0727

 Mustrain model: isotropic
 equatorial:      1395.7, sig:    49.6 LG mix coeff.:      2.6640, sig:   0.039

 Phase: Si in histogram: PWDR Al2O390_Si10.xy
=======================================================================================================================================
 Final refinement RF, RF^2 = 15.92%, 30.66% on 6 reflections
 Durbin-Watson statistic = 0.722
 Bragg intensity sum = 4.37e+04
 Phase fraction  :    7.45135, sig    0.10080 Weight fraction  :  0.02088, sig    0.00028

 Size model:     isotropic equatorial:     1.69850, sig: 39.3009 LG mix coeff.:      1.6992, sig: 40.2111

 Mustrain model: isotropic
 equatorial:      6923.6, sig:   357.5 LG mix coeff.:      0.4156, sig:   0.038

 Histogram: PWDR Al2O390_Si10.xy histogram Id: 0
=======================================================================================================================================
 PWDR histogram weight factor = 1.000
 Final refinement wR = 11.80% on 5011 observations in this histogram
 Other residuals: R = 8.42%, R-bkg = 7.77%, wR-bkg = 11.80% wRmin = 6.89%
 Instrument type: Bragg-Brentano

 Resonant form factors:
 Element:      O-2     Al+3       Si
 f'     :    0.049    0.213    0.254
 f"     :    0.032    0.246    0.330

 Instrument Parameters:
 names :        Bank I(L2)/I(L1)    Polariz.        SH/L
 value :    1.000000    0.500000    0.700000    0.011069
 sig   :                                        0.001013

 Instrument Parameters:
 names :           U           V           W           X           Y           Z        Zero
 value :   33.487912 -104.747134  -50.529201    0.000000    0.000000    0.000000    0.000000
 sig   :    7.265051    5.213143    1.117118                                                

 Background function: chebyschev
 value :      79.23     -41.5    -12.19
 sig   :     0.4305    0.4045    0.8029
 Background sums: empirical 3.77e+05, Debye 0, peaks 0, Total 3.77e+05
