********************************************************************************
   General Structure Analysis System-II Crystal Structure Refinement
              by Robert B. Von Dreele & Brian H. Toby
                Argonne National Laboratory(C), 2010
 This product includes software developed by the UChicago Argonne, LLC,
            as Operator of Argonne National Laboratory.
                          Please cite:
   B.H. Toby & R.B. Von Dreele, J. Appl. Cryst. 46, 544-549 (2013)
********************************************************************************
 Least squares controls:
 Refinement type: analytic Hessian
 Maximum number of cycles: 20
 Regularize hydrogens (if any): False
 Initial shift factor: 1.000

 Phases:

 Phase name: B6 La
=======================================================================================================================================

 X-ray scattering factors:
   Symbol     fa                                      fb                                      fc
---------------------------------------------------------------------------------------------------
 B          2.05450   1.33260   1.09790   0.70680  23.21850   1.02100  60.34980   0.14030   0.19320
 La        20.57800  19.59900  11.37270   3.28719   2.94817   0.24447  18.77260 133.12400   2.14678

 Neutron scattering factors:
   Symbol   isotope       mass       b       resonant terms
---------------------------------------------------------------------------------------------------
 B       Nat. Abund.     10.810    0.530
 La      Nat. Abund.    138.906    0.824

 Space Group: P m -3 m
 The lattice is centrosymmetric primitive cubic
 The Laue symmetry is m3m
 The lattice point group is m3m
 Multiplicity of a general site is 48
 The inversion center is located at 0,0,0
 
 The equivalent positions are:

 ( 1)     X,     Y,     Z 
 ( 2)     Z,     X,     Y 
 ( 3)     Y,     Z,     X 
 ( 4)     X,     Y,    -Z 
 ( 5)    -Z,     X,     Y 
 ( 6)     Y,    -Z,     X 
 ( 7)    -Z,     X,    -Y 
 ( 8)    -Y,    -Z,     X 
 ( 9)     Y,    -Z,    -X 
 (10)    -X,     Y,    -Z 
 (11)    -Z,    -X,     Y 
 (12)     X,    -Y,    -Z 
 (13)     Y,     X,     Z 
 (14)     Z,     Y,     X 
 (15)     X,     Z,     Y 
 (16)     Y,     X,    -Z 
 (17)    -Z,     Y,     X 
 (18)     X,    -Z,     Y 
 (19)    -Z,     Y,    -X 
 (20)    -X,    -Z,     Y 
 (21)     X,    -Z,    -Y 
 (22)    -Y,     X,    -Z 
 (23)    -Z,    -Y,     X 
 (24)     Y,    -X,    -Z 

 Atoms:
   name    type  refine?   x         y         z      frac site sym  mult I/A   Uiso     U11     U22     U33     U12     U13     U23
---------------------------------------------------------------------------------------------------------------------------------------
     B1      B      U   0.19853   0.50000   0.50000   1.000 4mm(x)    6    I-0.75782                                                
    La1     La      U   0.00000   0.00000   0.00000   1.000    m3m    1    I-0.00410                                                

 Unit cell: a = 4.15706 b = 4.15706 c = 4.15706 alpha = 90.000 beta = 90.000 gamma = 90.000 volume = 71.839 Refine? False

 Spherical harmonics texture: Order:0

 Phase: B6 La in histogram: PWDR LaB6_660b_2d_00_merged_smoothed_ver2_xy.txt
=======================================================================================================================================
 Phase fraction  :     1.0000 Refine? False
 Extinction coeff:     0.0000 Refine? False
 March-Dollase PO:     1.0000 Refine? False Axis: 0 0 1

 Size model    : isotropic equatorial:       1.000 Refine? False
	 LG mixing coeff.:       1.0000 Refine? False

 Mustrain model: isotropic equatorial:      1000.0 Refine? False
	 LG mixing coeff.:      1.0000 Refine? False

 Hydrostatic/elastic strain:
 names :         D11          eA
 values:           0           0
 refine:       False       False

 Histogram: PWDR LaB6_660b_2d_00_merged_smoothed_ver2_xy.txt histogram Id: 0
=======================================================================================================================================
 Instrument type: Bragg-Brentano
 Histogram limits:    23.90 deg to   126.35 deg

 Sample Parameters:
 Goniometer omega = 0.00, chi = 0.00, phi = 0.00
 name  :         Scale         Shift  Transparency    SurfRoughA    SurfRoughB
 value :        1.6298        0.0000        0.0000        0.0000        0.0000
 refine:          True         False         False         False         False

 Instrument Parameters:
 name  :     Azimuth        Bank I(L2)/I(L1)        Lam1        Lam2    Polariz.        SH/L
 value :    0.000000    1.000000    0.500000    1.788920    1.792780    0.700000    0.068216
 refine:                   False       False                               False        True

 name  :           U           V           W           X           Y           Z        Zero
 value :   31.349441  -32.901125   29.418184    0.000000    0.000000    0.000000    0.014096
 refine:        True        True        True       False       False       False        True

 Background function: chebyschev Refine? True
 Coefficients:     14.459     1.444    -2.082

 Refinement results:
---------------------------------------------------------------------------------------------------------------------------------------
 Number of function calls: 4 No. of observations: 10246 No. of parameters: 11 User rejected: 0 Sp. gp. extinct: 0
 Refinement time =    1.895s,    1.895s/cycle, for 1 cycles
 wR =   11.21%, chi**2 =      2076.45, GOF =   0.45

 Phases:
 Result for phase: B6 La
=======================================================================================================================================

 Atoms:
   name      x         y         z      frac   Uiso     U11     U22     U33     U12     U13     U23
---------------------------------------------------------------------------------------------------------------------------------------
     B1      B:
 values:   0.19853   0.50000   0.50000   1.000-0.75405
 sig   :                                       0.00219
    La1     La:
 values:   0.00000   0.00000   0.00000   1.000-0.00413
 sig   :                                       0.00044

 Density: 4.710014.4 g/cm**3

 Phase: B6 La in histogram: PWDR LaB6_660b_2d_00_merged_smoothed_ver2_xy.txt
=======================================================================================================================================
 Final refinement RF, RF^2 = 12.21%, 34.95% on 17 reflections
 Durbin-Watson statistic = 0.019
 Bragg intensity sum = 2.21e+04

 Histogram: PWDR LaB6_660b_2d_00_merged_smoothed_ver2_xy.txt histogram Id: 0
=======================================================================================================================================
 PWDR histogram weight factor = 1.000
 Final refinement wR = 11.21% on 10246 observations in this histogram
 Other residuals: R = 7.61%, R-bkg = 13.11%, wR-bkg = 11.21% wRmin = 24.90%
 Instrument type: Bragg-Brentano

 Resonant form factors:
 Element:        B       La
 f'     :    0.012   -3.616
 f"     :    0.005   11.447

 Sample Parameters:
 names :         Scale         Shift  Transparency    SurfRoughA    SurfRoughB
 values:        1.6272        0.0000        0.0000        0.0000        0.0000
 sig   :        0.0105                                                        

 Instrument Parameters:
 names :        Bank I(L2)/I(L1)    Polariz.        SH/L
 value :    1.000000    0.500000    0.700000    0.067727
 sig   :                                        0.000788

 Instrument Parameters:
 names :           U           V           W           X           Y           Z        Zero
 value :   29.563687  -31.306336   29.468563    0.000000    0.000000    0.000000    0.013692
 sig   :    3.317605    5.502714    2.052906                                        0.000569

 Background function: chebyschev
 value :      14.46     1.445    -2.084
 sig   :     0.0258    0.0297   0.05555
 Background sums: empirical 1.41e+05, Debye 0, peaks 0, Total 1.41e+05
